[2026-01-03T15:00:01.133+0000] {local_task_job_runner.py:120} INFO - ::group::Pre task execution logs
[2026-01-03T15:00:01.200+0000] {taskinstance.py:2073} INFO - Dependencies all met for dep_context=non-requeueable deps ti=<TaskInstance: pakakumi_scraper.run_scraper scheduled__2026-01-03T14:00:00+00:00 [queued]>
[2026-01-03T15:00:01.211+0000] {taskinstance.py:2073} INFO - Dependencies all met for dep_context=requeueable deps ti=<TaskInstance: pakakumi_scraper.run_scraper scheduled__2026-01-03T14:00:00+00:00 [queued]>
[2026-01-03T15:00:01.212+0000] {taskinstance.py:2303} INFO - Starting attempt 1 of 1
[2026-01-03T15:00:01.231+0000] {taskinstance.py:2327} INFO - Executing <Task(BashOperator): run_scraper> on 2026-01-03 14:00:00+00:00
[2026-01-03T15:00:01.242+0000] {logging_mixin.py:188} WARNING - /home/***/.local/lib/python3.12/site-packages/***/task/task_runner/standard_task_runner.py:61 DeprecationWarning: This process (pid=635) is multi-threaded, use of fork() may lead to deadlocks in the child.
[2026-01-03T15:00:01.240+0000] {standard_task_runner.py:90} INFO - Running: ['***', 'tasks', 'run', 'pakakumi_scraper', 'run_scraper', 'scheduled__2026-01-03T14:00:00+00:00', '--job-id', '5', '--raw', '--subdir', 'DAGS_FOLDER/pakakumi_scraper.py', '--cfg-path', '/tmp/tmpe8zqpheq']
[2026-01-03T15:00:01.245+0000] {standard_task_runner.py:63} INFO - Started process 636 to run task
[2026-01-03T15:00:01.245+0000] {standard_task_runner.py:91} INFO - Job 5: Subtask run_scraper
[2026-01-03T15:00:01.274+0000] {logging_mixin.py:188} WARNING - /home/***/.local/lib/python3.12/site-packages/***/settings.py:195 DeprecationWarning: The sql_alchemy_conn option in [core] has been moved to the sql_alchemy_conn option in [database] - the old setting has been used, but please update your config.
[2026-01-03T15:00:01.359+0000] {task_command.py:426} INFO - Running <TaskInstance: pakakumi_scraper.run_scraper scheduled__2026-01-03T14:00:00+00:00 [running]> on host 0913a6240a24
[2026-01-03T15:00:01.512+0000] {taskinstance.py:2644} INFO - Exporting env vars: AIRFLOW_CTX_DAG_OWNER='***' AIRFLOW_CTX_DAG_ID='pakakumi_scraper' AIRFLOW_CTX_TASK_ID='run_scraper' AIRFLOW_CTX_EXECUTION_DATE='2026-01-03T14:00:00+00:00' AIRFLOW_CTX_TRY_NUMBER='1' AIRFLOW_CTX_DAG_RUN_ID='scheduled__2026-01-03T14:00:00+00:00'
[2026-01-03T15:00:01.513+0000] {taskinstance.py:430} INFO - ::endgroup::
[2026-01-03T15:00:01.546+0000] {subprocess.py:63} INFO - Tmp dir root location: /tmp
[2026-01-03T15:00:01.572+0000] {subprocess.py:75} INFO - Running command: ['/usr/bin/bash', '-c', 'docker-compose -f ../docker-compose.yml run scraper']
[2026-01-03T15:00:01.611+0000] {subprocess.py:86} INFO - Output:
[2026-01-03T15:00:01.628+0000] {subprocess.py:93} INFO - /usr/bin/bash: line 1: docker-compose: command not found
[2026-01-03T15:00:01.629+0000] {subprocess.py:97} INFO - Command exited with return code 127
[2026-01-03T15:00:01.630+0000] {taskinstance.py:441} INFO - ::group::Post task execution logs
[2026-01-03T15:00:01.667+0000] {taskinstance.py:2890} ERROR - Task failed with exception
Traceback (most recent call last):
  File "/home/airflow/.local/lib/python3.12/site-packages/airflow/models/taskinstance.py", line 465, in _execute_task
    result = _execute_callable(context=context, **execute_callable_kwargs)
             ^^^^^^^^^^^^^^^^^^^^^^^^^^^^^^^^^^^^^^^^^^^^^^^^^^^^^^^^^^^^^
  File "/home/airflow/.local/lib/python3.12/site-packages/airflow/models/taskinstance.py", line 432, in _execute_callable
    return execute_callable(context=context, **execute_callable_kwargs)
           ^^^^^^^^^^^^^^^^^^^^^^^^^^^^^^^^^^^^^^^^^^^^^^^^^^^^^^^^^^^^
  File "/home/airflow/.local/lib/python3.12/site-packages/airflow/models/baseoperator.py", line 400, in wrapper
    return func(self, *args, **kwargs)
           ^^^^^^^^^^^^^^^^^^^^^^^^^^^
  File "/home/airflow/.local/lib/python3.12/site-packages/airflow/operators/bash.py", line 243, in execute
    raise AirflowException(
airflow.exceptions.AirflowException: Bash command failed. The command returned a non-zero exit code 127.
[2026-01-03T15:00:01.677+0000] {taskinstance.py:1205} INFO - Marking task as FAILED. dag_id=pakakumi_scraper, task_id=run_scraper, execution_date=20260103T140000, start_date=20260103T150001, end_date=20260103T150001
[2026-01-03T15:00:01.703+0000] {standard_task_runner.py:110} ERROR - Failed to execute job 5 for task run_scraper (Bash command failed. The command returned a non-zero exit code 127.; 636)
[2026-01-03T15:00:01.741+0000] {local_task_job_runner.py:240} INFO - Task exited with return code 1
[2026-01-03T15:00:01.802+0000] {taskinstance.py:3482} INFO - 0 downstream tasks scheduled from follow-on schedule check
[2026-01-03T15:00:01.804+0000] {local_task_job_runner.py:222} INFO - ::endgroup::
